test-duplicate1
"Customer ID#","Account No.","Currency","Type","Balance"
"ID1","BOS963211","USD","SAVINGS","962510"

test-duplicate2

